Test Report - 2026-05-19 09:06:27
------------------------------
Total tests run: 10
Tests passed: 10
Tests failed: 0
Tests with errors: 0
------------------------------
